https://boringnews.ca/altona/altona-residents-prepare-for-heavy-snow-and-poor-travel/
https://boringnews.ca/beausejour/heavy-snow-and-dangerous-travel-coming-to-beausejour/
https://boringnews.ca/st-theresa-point/major-snowstorm-may-bring-heavy-snow-to-st-theresa-point/
https://boringnews.ca/the-pas/the-pas-braces-for-significant-snowfall-this-week/
https://boringnews.ca/neepawa/snowfall-warning-impacts-travel-across-neepawa-and-surrounding-areas/
https://boringnews.ca/selkirk/selkirk-residents-warn-of-unsafe-ice-near-2026-movie-set/
https://boringnews.ca/stanley/winkler-seedy-saturday-offers-free-seeds-and-garden-tips/
https://boringnews.ca/stonewall/new-suites-move-closer-to-completion-in-stonewall/
https://boringnews.ca/steinbach/steinbach-parents-call-for-better-school-safety-after-student-hurt/
https://boringnews.ca/winkler/famous-folk-band-the-irish-rovers-set-for-winkler-show/
https://boringnews.ca/morden/morden-pop-culture-expo-returns-with-free-admission-in-2026/
https://boringnews.ca/norway-house/families-gather-for-traditional-fishing-day-in-norway-house/
https://boringnews.ca/carberry/safety-upgrades-coming-to-carberry-personal-care-home/
https://boringnews.ca/dauphin/dauphin-residents-call-for-stricter-landlord-snow-clearing-rules/
https://boringnews.ca/ste-anne/ste-anne-curling-club-offers-half-season-spots-for-new-players/
https://boringnews.ca/steinbach/steinbach-pistons-shut-out-selkirk-5-0-to-keep-winning-streak-alive/
https://boringnews.ca/sandy-bay/sandy-bay-women-gain-access-to-more-recovery-housing-units/
https://boringnews.ca/the-pas/the-pas-holds-special-meeting-for-urgent-town-decisions/
https://boringnews.ca/the-pas/police-search-for-suspects-after-shooting-at-fisher-river-station/
https://boringnews.ca/the-pas/police-seize-drugs-following-fraud-investigation-near-the-pas/
https://boringnews.ca/neepawa/neepawa-groups-can-apply-for-new-provincial-trail-grants/
https://boringnews.ca/niverville/niverville-adds-no-parking-zones-and-snow-routes-to-clear-streets/
https://boringnews.ca/altona/players-can-now-sign-up-for-the-2026-altona-soccer-season/
https://boringnews.ca/altona/altona-students-compete-in-2026-curling-tournament/
https://boringnews.ca/morden/morden-clears-snow-routes-with-new-parking-ban/
https://boringnews.ca/selkirk/heavy-snow-and-strong-winds-expected-to-slow-travel-in-selkirk/
https://boringnews.ca/winkler/winkler-schools-and-daycares-close-after-heavy-snowfall-warning/
https://boringnews.ca/brandon/brandon-residents-to-get-refunds-after-double-tax-payments/
https://boringnews.ca/churchill/churchill-residents-prepare-for-temperatures-near-minus-40/
https://boringnews.ca/dauphin/assiniboine-college-closes-dauphin-campus-due-to-weather/
https://boringnews.ca/winkler/winkler-bible-camp-offered-free-activities-at-winter-carnival/
https://boringnews.ca/the-pas/winter-traditions-and-dog-races-return-to-the-pas/
https://boringnews.ca/morden/farmers-can-preview-new-tools-at-morden-greenvalley-expo/
https://boringnews.ca/morris/youth-athletes-compete-in-morris-for-2026-provincial-curling-titles/
https://boringnews.ca/dauphin/live-comedy-show-brings-professional-acts-to-dauphin/
https://boringnews.ca/brandon/brandon-health-centre-offers-walk-in-income-support-help/
https://boringnews.ca/selkirk/selkirk-residents-may-notice-harder-water-during-two-week-repair/
https://boringnews.ca/ste-anne/richer-households-to-help-shape-2026-local-spending/
https://boringnews.ca/stanley/stanley-launches-online-pet-registration-to-help-lost-dogs/
https://boringnews.ca/stanley/stanley-lifts-water-advisory-following-recent-tests/
https://boringnews.ca/steinbach/new-sourdough-baking-class-coming-to-steinbach/
https://boringnews.ca/st-theresa-point/st-theresa-point-families-asked-to-watch-for-updates-after-school-fire/
https://boringnews.ca/carman/manitoba-starts-ice-breaking-to-prevent-flooding-in-carman/
https://boringnews.ca/carman/carman-collegiate-junior-varsity-boys-win-home-basketball-tournament/
https://boringnews.ca/garden-hill/garden-hill-grocery-store-operations-remain-steady-in-2026/
https://boringnews.ca/neepawa/neepawa-training-centre-cancels-classes-for-february-18/
https://boringnews.ca/peguis/peguis-entrepreneurs-to-get-business-advice-from-expert-speaker/
https://boringnews.ca/morris/morris-mavericks-move-to-semi-finals-after-dominant-win/
https://boringnews.ca/niverville/niverville-groups-eligible-for-new-provincial-trail-grants/
https://boringnews.ca/brandon/brandon-proposes-ending-neighbourhood-compost-bin-service/
https://boringnews.ca/beausejour/lieutenant-chris-pilek-reaches-10-years-of-service-in-beausejour/
https://boringnews.ca/beausejour/girls-hockey-camp-opens-registration-in-beausejour/
https://boringnews.ca/sandy-bay/heavy-snowfall-causes-travel-concerns-in-sandy-bay/
https://boringnews.ca/steinbach/snowfall-warning-ends-in-steinbach-as-road-cleanup-expands/
https://boringnews.ca/niverville/niverville-snow-warning-ends-as-travel-conditions-improve/
https://boringnews.ca/dauphin/heavy-snowfall-warning-leads-to-bus-cancellations-in-dauphin/
https://boringnews.ca/morden/morden-snow-warning-lifted-as-travel-conditions-improve/
https://boringnews.ca/morden/morden-residents-can-expect-sunny-skies-and-colder-temperatures-this-weekend/
https://boringnews.ca/winkler/winkler-area-school-buses-cancelled-and-baldur-school-closed/
https://boringnews.ca/beausejour/snowfall-warning-ends-for-beausejour-as-forecast-improves/
https://boringnews.ca/brandon/heavy-snowfall-expected-to-slow-travel-in-brandon/
https://boringnews.ca/steinbach/steinbach-residents-asked-to-clear-snow-for-safer-streets/
https://boringnews.ca/niverville/niverville-outdoor-rink-closes-after-warm-weather-damages-ice/
https://boringnews.ca/brandon/brandon-starts-clearing-main-roads-for-2026-snowfall/
https://boringnews.ca/winkler/light-snow-and-cold-winds-slow-down-travel-in-winkler/
